// Jest Snapshot v1, https://goo.gl/fbAQLP

exports[`renders Stats component unchanged 1`] = `
<div>
  <div
    class="bg-gray-900"
  >
    <div
      class="mx-auto"
    >
      <div
        class="grid grid-cols-1 gap-px sm:grid-cols-2 lg:grid-cols-4"
      >
        <div
          class="bg-neutral-950 px-4 py-6 lg:pt-6 lg:pb-24 sm:px-6 lg:px-8"
        >
          <p
            class="text-sm font-medium leading-6 text-neutral-500"
          >
            Number of deploys
          </p>
          <p
            class="mt-2 flex items-baseline gap-x-2"
          >
            <span
              class="text-4xl font-semibold tracking-tight text-white"
            >
              405
            </span>
          </p>
        </div>
        <div
          class="bg-neutral-950 px-4 py-6 lg:pt-6 lg:pb-24 sm:px-6 lg:px-8"
        >
          <p
            class="text-sm font-medium leading-6 text-neutral-500"
          >
            Average deploy time
          </p>
          <p
            class="mt-2 flex items-baseline gap-x-2"
          >
            <span
              class="text-4xl font-semibold tracking-tight text-white"
            >
              3.65
            </span>
            <span
              class="text-sm text-neutral-500"
            >
              mins
            </span>
          </p>
        </div>
        <div
          class="bg-neutral-950 px-4 py-6 lg:pt-6 lg:pb-24 sm:px-6 lg:px-8"
        >
          <p
            class="text-sm font-medium leading-6 text-neutral-500"
          >
            Number of failures
          </p>
          <p
            class="mt-2 flex items-baseline gap-x-2"
          >
            <span
              class="text-4xl font-semibold tracking-tight text-white"
            >
              3
            </span>
          </p>
        </div>
        <div
          class="bg-neutral-950 px-4 py-6 lg:pt-6 lg:pb-24 sm:px-6 lg:px-8"
        >
          <p
            class="text-sm font-medium leading-6 text-neutral-500"
          >
            Success rate
          </p>
          <p
            class="mt-2 flex items-baseline gap-x-2"
          >
            <span
              class="text-4xl font-semibold tracking-tight text-white"
            >
              98.5%
            </span>
          </p>
        </div>
      </div>
    </div>
  </div>
</div>
`;
