// Jest Snapshot v1, https://goo.gl/fbAQLP

exports[`renders MultiColumnFormWrapper unchanged 1`] = `
<div>
  <div
    aria-live="assertive"
    class="pointer-events-none fixed inset-0 z-20 flex items-end px-4 py-6 sm:items-start sm:p-6"
  >
    <div
      class="flex w-full flex-col items-center space-y-4 sm:items-end"
    >
      <div
        class="pointer-events-auto flex w-full max-w-md divide-x divide-white/20 rounded-lg bg-neutral-800 shadow-lg ring-1 ring-black ring-opacity-5"
      >
        <div
          class="flex w-0 flex-1 items-center p-4"
        >
          <div
            class="w-full"
          >
            <p
              class="text-sm font-medium text-gray-100"
            >
              Hello, World!
            </p>
            <p
              class="mt-1 text-sm text-gray-100/60"
            >
              I'm a description!
            </p>
          </div>
        </div>
        <div
          class="flex"
        >
          <div
            class="flex flex-col divide-y divide-white/20"
          >
            <div
              class="flex h-0 flex-1"
            >
              <button
                class="flex w-full items-center justify-center rounded-none rounded-tr-lg border border-transparent px-4 py-3 text-sm font-medium text-teal-500 hover:underline focus:z-10 focus:outline-none focus:ring-2 focus:ring-indigo-500"
                type="button"
              >
                Primary Action
              </button>
            </div>
            <div
              class="flex h-0 flex-1"
            >
              <button
                class="flex w-full items-center justify-center rounded-none rounded-br-lg border border-transparent px-4 py-3 text-sm font-medium text-gray-300 hover:underline focus:outline-none focus:ring-2 focus:ring-indigo-500"
                type="button"
              >
                Secondary Action
              </button>
            </div>
          </div>
        </div>
      </div>
    </div>
  </div>
</div>
`;
