// Jest Snapshot v1, https://goo.gl/fbAQLP

exports[`renders MultiColumnFormWrapper unchanged 1`] = `
<div>
  <div
    class="grid max-w-7xl grid-cols-1 gap-x-8 gap-y-10 px-4 py-16 sm:px-6 md:grid-cols-3 lg:px-8"
  >
    <div>
      <h2
        class="text-base font-semibold leading-7 txt1"
      >
        Hello, World!
      </h2>
      <p
        class="mt-1 text-sm leading-6 text-gray-400"
      >
        I'm a description!
      </p>
    </div>
    I'm a make-believe form!
  </div>
</div>
`;
