// Jest Snapshot v1, https://goo.gl/fbAQLP

exports[`renders Select unchanged 1`] = `
<div>
  <div
    class=""
  >
    <div
      class="mt-2"
    >
      <select
        aria-label="test-select"
        class="rounded-md w-full border-0 py-1.5 pl-3 pr-10 text-gray-900 ring-1 ring-inset ring-gray-300 focus:ring-2 focus:ring-indigo-600 sm:text-sm sm:leading-6"
        name="test-select"
        placeholder="Select an option"
      >
        <option
          value="option1"
        >
          Option 1
        </option>
        <option
          value="option2"
        >
          Option 2
        </option>
      </select>
      <div
        class="h-4"
      />
    </div>
  </div>
</div>
`;
