// Jest Snapshot v1, https://goo.gl/fbAQLP

exports[`renders Select unchanged 1`] = `
<div>
  <div
    class=""
  >
    <div
      class="mt-2"
    >
      <select
        aria-label="test-select"
        class="txt1 bg2 placeholder:text-neutral-500/80 ring-1 ring-inset ring-white/20 focus:ring-2 focus:ring-inset focus:ring-teal-600 block w-full rounded-md border-0 py-1.5 shadow-sm sm:text-sm sm:leading-6"
        name="test-select"
        placeholder="Select an option"
      >
        <option
          value="option1"
        >
          Option 1
        </option>
        <option
          value="option2"
        >
          Option 2
        </option>
      </select>
      <div
        class="h-4"
      />
    </div>
  </div>
</div>
`;
