// Jest Snapshot v1, https://goo.gl/fbAQLP

exports[`renders Stats component unchanged 1`] = `
<div>
  <div
    class="bg2"
  >
    <div
      class="mx-auto"
    >
      <div
        class="grid grid-cols-1 gap-px sm:grid-cols-2 lg:grid-cols-4"
      >
        <div
          class="bg1 px-4 py-6 lg:pt-6 lg:pb-24 sm:px-6 lg:px-8"
        >
          <p
            class="text-sm font-medium leading-6 txt2"
          >
            Number of deploys
          </p>
          <p
            class="mt-2 flex items-baseline gap-x-2"
          >
            <span
              class="text-4xl font-semibold tracking-tight txt1"
            >
              -
            </span>
          </p>
        </div>
        <div
          class="bg1 px-4 py-6 lg:pt-6 lg:pb-24 sm:px-6 lg:px-8"
        >
          <p
            class="text-sm font-medium leading-6 txt2"
          >
            Average deploy time
          </p>
          <p
            class="mt-2 flex items-baseline gap-x-2"
          >
            <span
              class="text-4xl font-semibold tracking-tight txt1"
            >
              -
            </span>
            <span
              class="text-sm txt2"
            />
          </p>
        </div>
        <div
          class="bg1 px-4 py-6 lg:pt-6 lg:pb-24 sm:px-6 lg:px-8"
        >
          <p
            class="text-sm font-medium leading-6 txt2"
          >
            Number of failures
          </p>
          <p
            class="mt-2 flex items-baseline gap-x-2"
          >
            <span
              class="text-4xl font-semibold tracking-tight txt1"
            >
              -
            </span>
          </p>
        </div>
        <div
          class="bg1 px-4 py-6 lg:pt-6 lg:pb-24 sm:px-6 lg:px-8"
        >
          <p
            class="text-sm font-medium leading-6 txt2"
          >
            Success rate
          </p>
          <p
            class="mt-2 flex items-baseline gap-x-2"
          >
            <span
              class="text-4xl font-semibold tracking-tight txt1"
            >
              -
            </span>
          </p>
        </div>
      </div>
    </div>
  </div>
</div>
`;
